DKVM Manager                                                              v0.0.1
                                                                                
                        Start VM | Configuration | Power                        
                                   ─────────────                                
Configuration > Add new VM                                                      
Loading form...                                                                 
◌ Ready                                                     VMs: 2 (▶ 0 running)