DKVM Manager                                                              v0.0.1
                                                                                
                        Start VM | Configuration | Power                        
                                   ─────────────                                
Configuration > Create Logical Volume                                           
Create Logical Volume                                                           
────────────────────────────────────────────────────────────────                
                                                                                
Volume Group: [                     ▼]                                          
Volume Name:  [my-data-volume      ]                                            
Size:         [100                  ▼]  GiB                                     
                                                                                
Options:                                                                        
  [ ] Thin pool              [ ] Contiguous                                     
  [ ] Read-only                                                                 
                                                                                
[Enter on Create] Create    [ESC] Cancel                                        
                                                                                
                                                                                
                                                                                
                                                                                
                                                                                
                                                                                
                                                                                
                                                                                
                                                                                
                                                                                
                                                                                
◌ Ready                                                                ■ Stopped