DKVM Manager                                                              v0.0.1

                        Select LVM Volume                                  
                        ────────                                                   

Available LVM Logical Volumes:

> vg00    50.00g  linear  ✓
  vg01   100.00g  thin    ✓
  data    20.00g  linear  

Error: LVM volumes not found

↑/↓ Navigate  Space/Enter Select  ESC Cancel