DKVM Manager                                                              v0.0.1

                        Start VM | Configuration | Power                        
                        ────────                                                
No virtual machines configured.

Press 'n' or go to Configuration tab to create a new VM.




















◌ Ready                                                                         