DKVM Manager                                                              v0.0.1

                        Start VM | Configuration | Power                        
                                                   ─────                        
 >  Reboot system   
    Power off system
                    
                    
                    
                    
                    
                    
                    
                    
                    
                    
                    
                    
                    
                    
                    
                    
                    
                    
                    
                    
                    


◌ Ready                                                                ■ Stopped