Custom Start/Stop Script                                          

  [Builtin] | [Custom]                                           

PCI Devices:                                                      
  0000:01:00.0 NVIDIA GPU                                         
  (auto-initializes vfio-pci on VM start)                        

Start Script:  /media/dkvmdata/start.sh     [Browse]               
Stop Script:   /media/dkvmdata/stop.sh      [Browse]               

Custom script receives:                                          
  <start|stop> [device1] [device2] ...                          
                                                                
[Space/Enter] Save    [ESC] Cancel                             