DKVM Manager                                                              v0.0.1

                        Start VM | Configuration | Power                        
                        ────────                                                 
 >  test-vm-1  ┌─────────────────────────────────────────────┐
               │ test-vm-1                                   │
               │ ID: 0                                       │
               │                                             │
               │ GPU                                         │
               │   ✓ vfio-pci bound                          │
               │   0000:01:00.0                              │
               └─────────────────────────────────────────────┘
◌ Ready                                                     ■ Stopped