DKVM Manager                                                              v0.0.1
                                                                                
                        Start VM | Configuration | Power                        
                        ────────                                                
Loading...                                                                      
◌ Ready                                                                         